// Jest Snapshot v1, https://goo.gl/fbAQLP

exports[`end-to-end integration prints error and help message when no arguments given 1`] = `
"cv-ssg.js <args> [options]

Options:
  --input, -i       input file or folder                                [string]
  --stylesheet, -s  use your custom stylesheet or <default> for default
                    stylesheet                            [string] [default: \\"\\"]
  --config, -c      input a config.json file containing other options' values
                                                          [string] [default: \\"\\"]
  -v, --version     Show version number                                [boolean]
  -h, --help        Show help                                          [boolean]"
`;
